mask dtype: float64
full mask (· = 0, # = 1):
................
................
................
................
................
................
................
................
################
################
################
################
################
################
################
################
tile (rows 6-9, cols 6-9):
....
....
####
####
max |mask - readback| = 0
wrote 267 bytes (256 pixels + 11-byte header)
OK
